
--- launching: /home/mike/projects/plc_em/dev/bin/python3 /home/mike/projects/plc_em/hmi_client.py --hmi-id df1cb4ab --plc-id d063a8eb --name PLC HMI --host 192.168.1.181 --port 502 --protocol modbus --unit-id 1 --vendor Generic Controls Inc. --model GC-3000 --product-code GC3000 --poll-interval 1.0 --status-file /home/mike/projects/plc_em/web/hmi_status/df1cb4ab.json --command-file /home/mike/projects/plc_em/web/hmi_commands/df1cb4ab.jsonl ---
2026-07-24 19:59:19,902 INFO    [df1cb4ab] Connected Modbus client to 192.168.1.181:502
2026-07-24 19:59:19,905 INFO    [df1cb4ab] POLL level=42.4 flow=4.0 alarm=0 pump=True valve=False setpoint=50.0
2026-07-24 19:59:20,923 INFO    [df1cb4ab] POLL level=44.4 flow=4.0 alarm=0 pump=True valve=False setpoint=50.0
2026-07-24 19:59:21,941 INFO    [df1cb4ab] POLL level=46.4 flow=4.0 alarm=0 pump=True valve=False setpoint=50.0
2026-07-24 19:59:22,960 INFO    [df1cb4ab] POLL level=48.4 flow=4.0 alarm=0 pump=True valve=False setpoint=50.0
2026-07-24 19:59:23,979 INFO    [df1cb4ab] POLL level=50.4 flow=4.0 alarm=0 pump=True valve=False setpoint=50.0
2026-07-24 19:59:25,000 INFO    [df1cb4ab] POLL level=52.8 flow=4.0 alarm=0 pump=True valve=False setpoint=50.0
2026-07-24 19:59:26,020 INFO    [df1cb4ab] POLL level=54.8 flow=4.0 alarm=0 pump=True valve=False setpoint=50.0
2026-07-24 19:59:27,040 INFO    [df1cb4ab] POLL level=56.8 flow=4.0 alarm=0 pump=True valve=False setpoint=50.0
2026-07-24 19:59:28,064 INFO    [df1cb4ab] POLL level=58.8 flow=4.0 alarm=0 pump=True valve=False setpoint=50.0
2026-07-24 19:59:29,084 INFO    [df1cb4ab] POLL level=60.8 flow=4.0 alarm=0 pump=True valve=False setpoint=50.0
2026-07-24 19:59:30,106 INFO    [df1cb4ab] POLL level=62.8 flow=4.0 alarm=0 pump=True valve=False setpoint=50.0
2026-07-24 19:59:31,127 INFO    [df1cb4ab] POLL level=64.8 flow=4.0 alarm=0 pump=True valve=False setpoint=50.0
2026-07-24 19:59:32,147 INFO    [df1cb4ab] POLL level=66.8 flow=4.0 alarm=0 pump=True valve=False setpoint=50.0
2026-07-24 19:59:33,177 INFO    [df1cb4ab] POLL level=68.8 flow=4.0 alarm=0 pump=True valve=False setpoint=50.0
2026-07-24 19:59:34,198 INFO    [df1cb4ab] POLL level=70.8 flow=4.0 alarm=0 pump=True valve=False setpoint=50.0
2026-07-24 19:59:35,221 INFO    [df1cb4ab] POLL level=72.8 flow=4.0 alarm=0 pump=True valve=False setpoint=50.0
2026-07-24 19:59:36,242 INFO    [df1cb4ab] POLL level=75.2 flow=4.0 alarm=0 pump=True valve=False setpoint=50.0
2026-07-24 19:59:37,263 INFO    [df1cb4ab] POLL level=77.2 flow=4.0 alarm=0 pump=True valve=False setpoint=50.0
2026-07-24 19:59:38,285 INFO    [df1cb4ab] POLL level=79.2 flow=4.0 alarm=0 pump=True valve=False setpoint=50.0
2026-07-24 19:59:39,306 INFO    [df1cb4ab] POLL level=81.2 flow=4.0 alarm=0 pump=True valve=False setpoint=50.0
2026-07-24 19:59:40,330 INFO    [df1cb4ab] POLL level=83.2 flow=4.0 alarm=0 pump=True valve=False setpoint=50.0
2026-07-24 19:59:41,352 INFO    [df1cb4ab] POLL level=85.2 flow=4.0 alarm=0 pump=True valve=False setpoint=50.0
2026-07-24 19:59:42,374 INFO    [df1cb4ab] POLL level=87.2 flow=4.0 alarm=0 pump=True valve=False setpoint=50.0
2026-07-24 19:59:43,396 INFO    [df1cb4ab] POLL level=89.2 flow=4.0 alarm=0 pump=True valve=False setpoint=50.0
2026-07-24 19:59:44,419 INFO    [df1cb4ab] POLL level=91.2 flow=4.0 alarm=1 pump=True valve=False setpoint=50.0
2026-07-24 19:59:44,930 INFO    [df1cb4ab] COMMAND set_pump value=False
2026-07-24 19:59:45,446 INFO    [df1cb4ab] POLL level=92.4 flow=0.0 alarm=1 pump=False valve=False setpoint=50.0
2026-07-24 19:59:46,469 INFO    [df1cb4ab] POLL level=92.4 flow=0.0 alarm=1 pump=False valve=False setpoint=50.0
2026-07-24 19:59:47,493 INFO    [df1cb4ab] POLL level=92.4 flow=0.0 alarm=1 pump=False valve=False setpoint=50.0
2026-07-24 19:59:48,517 INFO    [df1cb4ab] POLL level=92.4 flow=0.0 alarm=1 pump=False valve=False setpoint=50.0
2026-07-24 19:59:49,540 INFO    [df1cb4ab] POLL level=92.4 flow=0.0 alarm=1 pump=False valve=False setpoint=50.0
2026-07-24 19:59:50,566 INFO    [df1cb4ab] POLL level=92.4 flow=0.0 alarm=1 pump=False valve=False setpoint=50.0
2026-07-24 19:59:51,590 INFO    [df1cb4ab] POLL level=92.4 flow=0.0 alarm=1 pump=False valve=False setpoint=50.0
2026-07-24 19:59:52,615 INFO    [df1cb4ab] POLL level=92.4 flow=0.0 alarm=1 pump=False valve=False setpoint=50.0
2026-07-24 19:59:53,638 INFO    [df1cb4ab] POLL level=92.4 flow=0.0 alarm=1 pump=False valve=False setpoint=50.0
2026-07-24 19:59:54,663 INFO    [df1cb4ab] POLL level=92.4 flow=0.0 alarm=1 pump=False valve=False setpoint=50.0
2026-07-24 19:59:55,688 INFO    [df1cb4ab] POLL level=92.4 flow=0.0 alarm=1 pump=False valve=False setpoint=50.0
2026-07-24 19:59:56,712 INFO    [df1cb4ab] POLL level=92.4 flow=0.0 alarm=1 pump=False valve=False setpoint=50.0
2026-07-24 19:59:57,737 INFO    [df1cb4ab] POLL level=92.4 flow=0.0 alarm=1 pump=False valve=False setpoint=50.0
2026-07-24 19:59:58,761 INFO    [df1cb4ab] POLL level=92.4 flow=0.0 alarm=1 pump=False valve=False setpoint=50.0
2026-07-24 19:59:59,785 INFO    [df1cb4ab] POLL level=92.4 flow=0.0 alarm=1 pump=False valve=False setpoint=50.0
2026-07-24 20:00:00,810 INFO    [df1cb4ab] POLL level=92.4 flow=0.0 alarm=1 pump=False valve=False setpoint=50.0
2026-07-24 20:00:01,831 INFO    [df1cb4ab] POLL level=92.4 flow=0.0 alarm=1 pump=False valve=False setpoint=50.0
2026-07-24 20:00:02,856 INFO    [df1cb4ab] POLL level=92.4 flow=0.0 alarm=1 pump=False valve=False setpoint=50.0
2026-07-24 20:00:03,880 INFO    [df1cb4ab] POLL level=92.4 flow=0.0 alarm=1 pump=False valve=False setpoint=50.0
2026-07-24 20:00:04,904 INFO    [df1cb4ab] POLL level=92.4 flow=0.0 alarm=1 pump=False valve=False setpoint=50.0
2026-07-24 20:00:05,929 INFO    [df1cb4ab] POLL level=92.4 flow=0.0 alarm=1 pump=False valve=False setpoint=50.0
2026-07-24 20:00:06,440 INFO    [df1cb4ab] COMMAND set_valve value=True
2026-07-24 20:00:06,956 INFO    [df1cb4ab] POLL level=90.6 flow=0.0 alarm=1 pump=False valve=True setpoint=50.0
2026-07-24 20:00:07,980 INFO    [df1cb4ab] POLL level=87.6 flow=0.0 alarm=0 pump=False valve=True setpoint=50.0
2026-07-24 20:00:09,004 INFO    [df1cb4ab] POLL level=84.6 flow=0.0 alarm=0 pump=False valve=True setpoint=50.0
2026-07-24 20:00:10,030 INFO    [df1cb4ab] POLL level=81.6 flow=0.0 alarm=0 pump=False valve=True setpoint=50.0
2026-07-24 20:00:11,052 INFO    [df1cb4ab] POLL level=78.6 flow=0.0 alarm=0 pump=False valve=True setpoint=50.0
2026-07-24 20:00:12,076 INFO    [df1cb4ab] POLL level=75.6 flow=0.0 alarm=0 pump=False valve=True setpoint=50.0
2026-07-24 20:00:13,100 INFO    [df1cb4ab] POLL level=72.6 flow=0.0 alarm=0 pump=False valve=True setpoint=50.0
2026-07-24 20:00:14,123 INFO    [df1cb4ab] POLL level=69.6 flow=0.0 alarm=0 pump=False valve=True setpoint=50.0
2026-07-24 20:00:14,228 INFO    [df1cb4ab] COMMAND set_pump value=True
2026-07-24 20:00:15,150 INFO    [df1cb4ab] POLL level=68.0 flow=4.0 alarm=0 pump=True valve=True setpoint=50.0
2026-07-24 20:00:16,173 INFO    [df1cb4ab] POLL level=67.0 flow=4.0 alarm=0 pump=True valve=True setpoint=50.0
2026-07-24 20:00:17,198 INFO    [df1cb4ab] POLL level=66.0 flow=4.0 alarm=0 pump=True valve=True setpoint=50.0
2026-07-24 20:00:18,222 INFO    [df1cb4ab] POLL level=65.0 flow=4.0 alarm=0 pump=True valve=True setpoint=50.0
2026-07-24 20:00:19,246 INFO    [df1cb4ab] POLL level=64.0 flow=4.0 alarm=0 pump=True valve=True setpoint=50.0
2026-07-24 20:00:20,270 INFO    [df1cb4ab] POLL level=63.0 flow=4.0 alarm=0 pump=True valve=True setpoint=50.0
2026-07-24 20:00:21,292 INFO    [df1cb4ab] POLL level=62.0 flow=4.0 alarm=0 pump=True valve=True setpoint=50.0
2026-07-24 20:00:22,317 INFO    [df1cb4ab] POLL level=61.0 flow=4.0 alarm=0 pump=True valve=True setpoint=50.0
2026-07-24 20:00:23,341 INFO    [df1cb4ab] POLL level=60.0 flow=4.0 alarm=0 pump=True valve=True setpoint=50.0
2026-07-24 20:00:24,365 INFO    [df1cb4ab] POLL level=58.8 flow=4.0 alarm=0 pump=True valve=True setpoint=50.0
2026-07-24 20:00:25,390 INFO    [df1cb4ab] POLL level=57.8 flow=4.0 alarm=0 pump=True valve=True setpoint=50.0
2026-07-24 20:00:26,414 INFO    [df1cb4ab] POLL level=56.8 flow=4.0 alarm=0 pump=True valve=True setpoint=50.0
2026-07-24 20:00:27,439 INFO    [df1cb4ab] POLL level=55.8 flow=4.0 alarm=0 pump=True valve=True setpoint=50.0
2026-07-24 20:00:28,463 INFO    [df1cb4ab] POLL level=54.8 flow=4.0 alarm=0 pump=True valve=True setpoint=50.0
2026-07-24 20:00:29,487 INFO    [df1cb4ab] POLL level=53.8 flow=4.0 alarm=0 pump=True valve=True setpoint=50.0
2026-07-24 20:00:30,513 INFO    [df1cb4ab] POLL level=52.8 flow=4.0 alarm=0 pump=True valve=True setpoint=50.0
2026-07-24 20:00:31,537 INFO    [df1cb4ab] POLL level=51.8 flow=4.0 alarm=0 pump=True valve=True setpoint=50.0
2026-07-24 20:00:32,567 INFO    [df1cb4ab] POLL level=50.8 flow=4.0 alarm=0 pump=True valve=True setpoint=50.0
2026-07-24 20:00:33,591 INFO    [df1cb4ab] POLL level=49.6 flow=4.0 alarm=0 pump=True valve=True setpoint=50.0
2026-07-24 20:00:34,616 INFO    [df1cb4ab] POLL level=48.6 flow=4.0 alarm=0 pump=True valve=True setpoint=50.0
2026-07-24 20:00:35,641 INFO    [df1cb4ab] POLL level=47.6 flow=4.0 alarm=0 pump=True valve=True setpoint=50.0
2026-07-24 20:00:36,666 INFO    [df1cb4ab] POLL level=46.6 flow=4.0 alarm=0 pump=True valve=True setpoint=50.0
2026-07-24 20:00:37,690 INFO    [df1cb4ab] POLL level=45.6 flow=4.0 alarm=0 pump=True valve=True setpoint=50.0
2026-07-24 20:00:38,714 INFO    [df1cb4ab] POLL level=44.6 flow=4.0 alarm=0 pump=True valve=True setpoint=50.0
2026-07-24 20:00:39,738 INFO    [df1cb4ab] POLL level=43.6 flow=4.0 alarm=0 pump=True valve=True setpoint=50.0
2026-07-24 20:00:40,763 INFO    [df1cb4ab] POLL level=42.6 flow=4.0 alarm=0 pump=True valve=True setpoint=50.0
2026-07-24 20:00:41,788 INFO    [df1cb4ab] POLL level=41.6 flow=4.0 alarm=0 pump=True valve=True setpoint=50.0
2026-07-24 20:00:42,812 INFO    [df1cb4ab] POLL level=40.4 flow=4.0 alarm=0 pump=True valve=True setpoint=50.0
2026-07-24 20:00:43,836 INFO    [df1cb4ab] POLL level=39.4 flow=4.0 alarm=0 pump=True valve=True setpoint=50.0
2026-07-24 20:00:44,861 INFO    [df1cb4ab] POLL level=38.4 flow=4.0 alarm=0 pump=True valve=True setpoint=50.0
2026-07-24 20:00:45,885 INFO    [df1cb4ab] POLL level=37.4 flow=4.0 alarm=0 pump=True valve=True setpoint=50.0
2026-07-24 20:00:46,910 INFO    [df1cb4ab] POLL level=36.4 flow=4.0 alarm=0 pump=True valve=True setpoint=50.0
2026-07-24 20:00:47,934 INFO    [df1cb4ab] POLL level=35.4 flow=4.0 alarm=0 pump=True valve=True setpoint=50.0
2026-07-24 20:00:48,958 INFO    [df1cb4ab] POLL level=34.4 flow=4.0 alarm=0 pump=True valve=True setpoint=50.0
2026-07-24 20:00:49,982 INFO    [df1cb4ab] POLL level=33.4 flow=4.0 alarm=0 pump=True valve=True setpoint=50.0
2026-07-24 20:00:51,007 INFO    [df1cb4ab] POLL level=32.4 flow=4.0 alarm=0 pump=True valve=True setpoint=50.0
2026-07-24 20:00:52,032 INFO    [df1cb4ab] POLL level=31.4 flow=4.0 alarm=0 pump=True valve=True setpoint=50.0
2026-07-24 20:00:53,056 INFO    [df1cb4ab] POLL level=30.2 flow=4.0 alarm=0 pump=True valve=True setpoint=50.0
2026-07-24 20:00:54,079 INFO    [df1cb4ab] POLL level=29.2 flow=4.0 alarm=0 pump=True valve=True setpoint=50.0
2026-07-24 20:00:55,103 INFO    [df1cb4ab] POLL level=28.2 flow=4.0 alarm=0 pump=True valve=True setpoint=50.0
2026-07-24 20:00:56,128 INFO    [df1cb4ab] POLL level=27.2 flow=4.0 alarm=0 pump=True valve=True setpoint=50.0
2026-07-24 20:00:57,152 INFO    [df1cb4ab] POLL level=26.2 flow=4.0 alarm=0 pump=True valve=True setpoint=50.0
2026-07-24 20:00:58,176 INFO    [df1cb4ab] POLL level=25.2 flow=4.0 alarm=0 pump=True valve=True setpoint=50.0
2026-07-24 20:00:59,200 INFO    [df1cb4ab] POLL level=24.2 flow=4.0 alarm=0 pump=True valve=True setpoint=50.0
2026-07-24 20:01:00,226 INFO    [df1cb4ab] POLL level=23.2 flow=4.0 alarm=0 pump=True valve=True setpoint=50.0
2026-07-24 20:01:01,250 INFO    [df1cb4ab] POLL level=22.2 flow=4.0 alarm=0 pump=True valve=True setpoint=50.0
2026-07-24 20:01:02,270 INFO    [df1cb4ab] POLL level=21.0 flow=4.0 alarm=0 pump=True valve=True setpoint=50.0
2026-07-24 20:01:03,294 INFO    [df1cb4ab] POLL level=20.0 flow=4.0 alarm=0 pump=True valve=True setpoint=50.0
2026-07-24 20:01:04,317 INFO    [df1cb4ab] POLL level=19.0 flow=4.0 alarm=0 pump=True valve=True setpoint=50.0
2026-07-24 20:01:05,342 INFO    [df1cb4ab] POLL level=18.0 flow=4.0 alarm=0 pump=True valve=True setpoint=50.0
2026-07-24 20:01:06,367 INFO    [df1cb4ab] POLL level=17.0 flow=4.0 alarm=0 pump=True valve=True setpoint=50.0
2026-07-24 20:01:07,390 INFO    [df1cb4ab] POLL level=16.0 flow=4.0 alarm=0 pump=True valve=True setpoint=50.0
2026-07-24 20:01:08,415 INFO    [df1cb4ab] POLL level=15.0 flow=4.0 alarm=0 pump=True valve=True setpoint=50.0
2026-07-24 20:01:09,438 INFO    [df1cb4ab] POLL level=14.0 flow=4.0 alarm=0 pump=True valve=True setpoint=50.0
2026-07-24 20:01:10,463 INFO    [df1cb4ab] POLL level=13.0 flow=4.0 alarm=0 pump=True valve=True setpoint=50.0
2026-07-24 20:01:11,487 INFO    [df1cb4ab] POLL level=11.8 flow=4.0 alarm=0 pump=True valve=True setpoint=50.0
2026-07-24 20:01:12,511 INFO    [df1cb4ab] POLL level=10.8 flow=4.0 alarm=0 pump=True valve=True setpoint=50.0
2026-07-24 20:01:13,535 INFO    [df1cb4ab] POLL level=9.8 flow=4.0 alarm=2 pump=True valve=True setpoint=50.0
2026-07-24 20:01:14,559 INFO    [df1cb4ab] POLL level=8.8 flow=4.0 alarm=2 pump=True valve=True setpoint=50.0
2026-07-24 20:01:15,584 INFO    [df1cb4ab] POLL level=7.8 flow=4.0 alarm=2 pump=True valve=True setpoint=50.0
2026-07-24 20:01:16,607 INFO    [df1cb4ab] POLL level=6.8 flow=4.0 alarm=2 pump=True valve=True setpoint=50.0
2026-07-24 20:01:17,630 INFO    [df1cb4ab] POLL level=5.8 flow=4.0 alarm=2 pump=True valve=True setpoint=50.0
2026-07-24 20:01:18,655 INFO    [df1cb4ab] POLL level=4.8 flow=4.0 alarm=2 pump=True valve=True setpoint=50.0
2026-07-24 20:01:19,679 INFO    [df1cb4ab] POLL level=3.8 flow=4.0 alarm=2 pump=True valve=True setpoint=50.0
2026-07-24 20:01:20,705 INFO    [df1cb4ab] POLL level=2.8 flow=4.0 alarm=2 pump=True valve=True setpoint=50.0
2026-07-24 20:01:21,728 INFO    [df1cb4ab] POLL level=1.6 flow=4.0 alarm=2 pump=True valve=True setpoint=50.0
2026-07-24 20:01:22,752 INFO    [df1cb4ab] POLL level=0.6 flow=4.0 alarm=2 pump=True valve=True setpoint=50.0
2026-07-24 20:01:23,776 INFO    [df1cb4ab] POLL level=0.0 flow=4.0 alarm=2 pump=True valve=True setpoint=50.0
2026-07-24 20:01:24,800 INFO    [df1cb4ab] POLL level=0.0 flow=4.0 alarm=2 pump=True valve=True setpoint=50.0
2026-07-24 20:01:25,825 INFO    [df1cb4ab] POLL level=0.0 flow=4.0 alarm=2 pump=True valve=True setpoint=50.0
2026-07-24 20:01:26,850 INFO    [df1cb4ab] POLL level=0.0 flow=4.0 alarm=2 pump=True valve=True setpoint=50.0
2026-07-24 20:01:27,873 INFO    [df1cb4ab] POLL level=0.0 flow=4.0 alarm=2 pump=True valve=True setpoint=50.0
2026-07-24 20:01:28,898 INFO    [df1cb4ab] POLL level=0.0 flow=4.0 alarm=2 pump=True valve=True setpoint=50.0
2026-07-24 20:01:29,922 INFO    [df1cb4ab] POLL level=0.0 flow=4.0 alarm=2 pump=True valve=True setpoint=50.0
2026-07-24 20:01:30,948 INFO    [df1cb4ab] POLL level=0.0 flow=4.0 alarm=2 pump=True valve=True setpoint=50.0
2026-07-24 20:01:31,972 INFO    [df1cb4ab] POLL level=0.0 flow=4.0 alarm=2 pump=True valve=True setpoint=50.0
2026-07-24 20:01:32,996 INFO    [df1cb4ab] POLL level=0.0 flow=4.0 alarm=2 pump=True valve=True setpoint=50.0
2026-07-24 20:01:34,020 INFO    [df1cb4ab] POLL level=0.0 flow=4.0 alarm=2 pump=True valve=True setpoint=50.0
2026-07-24 20:01:35,044 INFO    [df1cb4ab] POLL level=0.0 flow=4.0 alarm=2 pump=True valve=True setpoint=50.0
2026-07-24 20:01:36,069 INFO    [df1cb4ab] POLL level=0.0 flow=4.0 alarm=2 pump=True valve=True setpoint=50.0
2026-07-24 20:01:37,093 INFO    [df1cb4ab] POLL level=0.0 flow=4.0 alarm=2 pump=True valve=True setpoint=50.0
2026-07-24 20:01:38,118 INFO    [df1cb4ab] POLL level=0.0 flow=4.0 alarm=2 pump=True valve=True setpoint=50.0
2026-07-24 20:01:39,142 INFO    [df1cb4ab] POLL level=0.0 flow=4.0 alarm=2 pump=True valve=True setpoint=50.0
2026-07-24 20:01:40,165 INFO    [df1cb4ab] POLL level=0.0 flow=4.0 alarm=2 pump=True valve=True setpoint=50.0
2026-07-24 20:01:41,191 INFO    [df1cb4ab] POLL level=0.0 flow=4.0 alarm=2 pump=True valve=True setpoint=50.0
2026-07-24 20:01:42,215 INFO    [df1cb4ab] POLL level=0.0 flow=4.0 alarm=2 pump=True valve=True setpoint=50.0
2026-07-24 20:01:43,240 INFO    [df1cb4ab] POLL level=0.0 flow=4.0 alarm=2 pump=True valve=True setpoint=50.0
2026-07-24 20:01:44,264 INFO    [df1cb4ab] POLL level=0.0 flow=4.0 alarm=2 pump=True valve=True setpoint=50.0
2026-07-24 20:01:45,288 INFO    [df1cb4ab] POLL level=0.0 flow=4.0 alarm=2 pump=True valve=True setpoint=50.0
2026-07-24 20:01:46,313 INFO    [df1cb4ab] POLL level=0.0 flow=4.0 alarm=2 pump=True valve=True setpoint=50.0
2026-07-24 20:01:47,337 INFO    [df1cb4ab] POLL level=0.0 flow=4.0 alarm=2 pump=True valve=True setpoint=50.0
2026-07-24 20:01:48,362 INFO    [df1cb4ab] POLL level=0.0 flow=4.0 alarm=2 pump=True valve=True setpoint=50.0
2026-07-24 20:01:49,386 INFO    [df1cb4ab] POLL level=0.0 flow=4.0 alarm=2 pump=True valve=True setpoint=50.0
2026-07-24 20:01:50,410 INFO    [df1cb4ab] POLL level=0.0 flow=4.0 alarm=2 pump=True valve=True setpoint=50.0
2026-07-24 20:01:51,434 INFO    [df1cb4ab] POLL level=0.0 flow=4.0 alarm=2 pump=True valve=True setpoint=50.0
2026-07-24 20:01:52,458 INFO    [df1cb4ab] POLL level=0.0 flow=4.0 alarm=2 pump=True valve=True setpoint=50.0
2026-07-24 20:01:53,482 INFO    [df1cb4ab] POLL level=0.0 flow=4.0 alarm=2 pump=True valve=True setpoint=50.0
2026-07-24 20:01:54,500 INFO    [df1cb4ab] COMMAND set_valve value=False
2026-07-24 20:01:54,508 INFO    [df1cb4ab] POLL level=0.0 flow=4.0 alarm=2 pump=True valve=False setpoint=50.0
2026-07-24 20:01:55,534 INFO    [df1cb4ab] POLL level=2.0 flow=4.0 alarm=2 pump=True valve=False setpoint=50.0
2026-07-24 20:01:56,558 INFO    [df1cb4ab] POLL level=4.0 flow=4.0 alarm=2 pump=True valve=False setpoint=50.0
2026-07-24 20:01:57,582 INFO    [df1cb4ab] POLL level=6.0 flow=4.0 alarm=2 pump=True valve=False setpoint=50.0
2026-07-24 20:01:58,607 INFO    [df1cb4ab] POLL level=8.0 flow=4.0 alarm=2 pump=True valve=False setpoint=50.0
2026-07-24 20:01:59,631 INFO    [df1cb4ab] POLL level=10.4 flow=4.0 alarm=0 pump=True valve=False setpoint=50.0
2026-07-24 20:02:00,657 INFO    [df1cb4ab] POLL level=12.4 flow=4.0 alarm=0 pump=True valve=False setpoint=50.0
2026-07-24 20:02:01,679 INFO    [df1cb4ab] POLL level=14.4 flow=4.0 alarm=0 pump=True valve=False setpoint=50.0
2026-07-24 20:02:02,704 INFO    [df1cb4ab] POLL level=16.4 flow=4.0 alarm=0 pump=True valve=False setpoint=50.0
2026-07-24 20:02:03,726 INFO    [df1cb4ab] POLL level=18.4 flow=4.0 alarm=0 pump=True valve=False setpoint=50.0
2026-07-24 20:02:04,750 INFO    [df1cb4ab] POLL level=20.4 flow=4.0 alarm=0 pump=True valve=False setpoint=50.0
2026-07-24 20:02:05,774 INFO    [df1cb4ab] POLL level=22.4 flow=4.0 alarm=0 pump=True valve=False setpoint=50.0
2026-07-24 20:02:06,800 INFO    [df1cb4ab] POLL level=24.4 flow=4.0 alarm=0 pump=True valve=False setpoint=50.0
2026-07-24 20:02:07,823 INFO    [df1cb4ab] POLL level=26.4 flow=4.0 alarm=0 pump=True valve=False setpoint=50.0
2026-07-24 20:02:08,848 INFO    [df1cb4ab] POLL level=28.8 flow=4.0 alarm=0 pump=True valve=False setpoint=50.0
2026-07-24 20:02:09,872 INFO    [df1cb4ab] POLL level=30.8 flow=4.0 alarm=0 pump=True valve=False setpoint=50.0
2026-07-24 20:02:10,896 INFO    [df1cb4ab] POLL level=32.8 flow=4.0 alarm=0 pump=True valve=False setpoint=50.0
2026-07-24 20:02:11,921 INFO    [df1cb4ab] POLL level=34.8 flow=4.0 alarm=0 pump=True valve=False setpoint=50.0
2026-07-24 20:02:12,945 INFO    [df1cb4ab] POLL level=36.8 flow=4.0 alarm=0 pump=True valve=False setpoint=50.0
2026-07-24 20:02:13,969 INFO    [df1cb4ab] POLL level=38.8 flow=4.0 alarm=0 pump=True valve=False setpoint=50.0
2026-07-24 20:02:14,993 INFO    [df1cb4ab] POLL level=40.8 flow=4.0 alarm=0 pump=True valve=False setpoint=50.0
2026-07-24 20:02:16,017 INFO    [df1cb4ab] POLL level=42.8 flow=4.0 alarm=0 pump=True valve=False setpoint=50.0
2026-07-24 20:02:17,043 INFO    [df1cb4ab] POLL level=44.8 flow=4.0 alarm=0 pump=True valve=False setpoint=50.0
2026-07-24 20:02:18,067 INFO    [df1cb4ab] POLL level=46.8 flow=4.0 alarm=0 pump=True valve=False setpoint=50.0
2026-07-24 20:02:19,091 INFO    [df1cb4ab] POLL level=49.2 flow=4.0 alarm=0 pump=True valve=False setpoint=50.0
2026-07-24 20:02:20,116 INFO    [df1cb4ab] POLL level=51.2 flow=4.0 alarm=0 pump=True valve=False setpoint=50.0
2026-07-24 20:02:21,139 INFO    [df1cb4ab] POLL level=53.2 flow=4.0 alarm=0 pump=True valve=False setpoint=50.0
2026-07-24 20:02:22,164 INFO    [df1cb4ab] POLL level=55.2 flow=4.0 alarm=0 pump=True valve=False setpoint=50.0
2026-07-24 20:02:23,189 INFO    [df1cb4ab] POLL level=57.2 flow=4.0 alarm=0 pump=True valve=False setpoint=50.0
2026-07-24 20:02:24,213 INFO    [df1cb4ab] POLL level=59.2 flow=4.0 alarm=0 pump=True valve=False setpoint=50.0
2026-07-24 20:02:24,826 INFO    [df1cb4ab] COMMAND set_pump value=False
2026-07-24 20:02:25,240 INFO    [df1cb4ab] POLL level=60.4 flow=0.0 alarm=0 pump=False valve=False setpoint=50.0
2026-07-24 20:02:26,264 INFO    [df1cb4ab] POLL level=60.4 flow=0.0 alarm=0 pump=False valve=False setpoint=50.0
2026-07-24 20:02:27,298 INFO    [df1cb4ab] POLL level=60.4 flow=0.0 alarm=0 pump=False valve=False setpoint=50.0
2026-07-24 20:02:28,322 INFO    [df1cb4ab] POLL level=60.4 flow=0.0 alarm=0 pump=False valve=False setpoint=50.0
2026-07-24 20:02:29,347 INFO    [df1cb4ab] POLL level=60.4 flow=0.0 alarm=0 pump=False valve=False setpoint=50.0
2026-07-24 20:02:30,371 INFO    [df1cb4ab] POLL level=60.4 flow=0.0 alarm=0 pump=False valve=False setpoint=50.0
2026-07-24 20:02:31,395 INFO    [df1cb4ab] POLL level=60.4 flow=0.0 alarm=0 pump=False valve=False setpoint=50.0
2026-07-24 20:02:32,420 INFO    [df1cb4ab] POLL level=60.4 flow=0.0 alarm=0 pump=False valve=False setpoint=50.0
2026-07-24 20:02:33,445 INFO    [df1cb4ab] POLL level=60.4 flow=0.0 alarm=0 pump=False valve=False setpoint=50.0
2026-07-24 20:02:34,469 INFO    [df1cb4ab] POLL level=60.4 flow=0.0 alarm=0 pump=False valve=False setpoint=50.0
2026-07-24 20:02:35,492 INFO    [df1cb4ab] POLL level=60.4 flow=0.0 alarm=0 pump=False valve=False setpoint=50.0
2026-07-24 20:02:36,517 INFO    [df1cb4ab] POLL level=60.4 flow=0.0 alarm=0 pump=False valve=False setpoint=50.0
2026-07-24 20:02:37,542 INFO    [df1cb4ab] POLL level=60.4 flow=0.0 alarm=0 pump=False valve=False setpoint=50.0
2026-07-24 20:02:38,566 INFO    [df1cb4ab] POLL level=60.4 flow=0.0 alarm=0 pump=False valve=False setpoint=50.0
2026-07-24 20:02:39,591 INFO    [df1cb4ab] POLL level=60.4 flow=0.0 alarm=0 pump=False valve=False setpoint=50.0
2026-07-24 20:02:40,615 INFO    [df1cb4ab] POLL level=60.4 flow=0.0 alarm=0 pump=False valve=False setpoint=50.0
2026-07-24 20:02:41,639 INFO    [df1cb4ab] POLL level=60.4 flow=0.0 alarm=0 pump=False valve=False setpoint=50.0
2026-07-24 20:02:42,664 INFO    [df1cb4ab] POLL level=60.4 flow=0.0 alarm=0 pump=False valve=False setpoint=50.0
2026-07-24 20:02:43,688 INFO    [df1cb4ab] POLL level=60.4 flow=0.0 alarm=0 pump=False valve=False setpoint=50.0
2026-07-24 20:02:44,712 INFO    [df1cb4ab] POLL level=60.4 flow=0.0 alarm=0 pump=False valve=False setpoint=50.0
2026-07-24 20:02:45,736 INFO    [df1cb4ab] POLL level=60.4 flow=0.0 alarm=0 pump=False valve=False setpoint=50.0
2026-07-24 20:02:46,759 INFO    [df1cb4ab] POLL level=60.4 flow=0.0 alarm=0 pump=False valve=False setpoint=50.0
2026-07-24 20:02:47,785 INFO    [df1cb4ab] POLL level=60.4 flow=0.0 alarm=0 pump=False valve=False setpoint=50.0
2026-07-24 20:02:48,809 INFO    [df1cb4ab] POLL level=60.4 flow=0.0 alarm=0 pump=False valve=False setpoint=50.0
2026-07-24 20:02:49,833 INFO    [df1cb4ab] POLL level=60.4 flow=0.0 alarm=0 pump=False valve=False setpoint=50.0
2026-07-24 20:02:50,857 INFO    [df1cb4ab] POLL level=60.4 flow=0.0 alarm=0 pump=False valve=False setpoint=50.0
2026-07-24 20:02:51,882 INFO    [df1cb4ab] POLL level=60.4 flow=0.0 alarm=0 pump=False valve=False setpoint=50.0
2026-07-24 20:02:52,907 INFO    [df1cb4ab] POLL level=60.4 flow=0.0 alarm=0 pump=False valve=False setpoint=50.0
2026-07-24 20:02:53,931 INFO    [df1cb4ab] POLL level=60.4 flow=0.0 alarm=0 pump=False valve=False setpoint=50.0
2026-07-24 20:02:54,955 INFO    [df1cb4ab] POLL level=60.4 flow=0.0 alarm=0 pump=False valve=False setpoint=50.0
2026-07-24 20:02:55,980 INFO    [df1cb4ab] POLL level=60.4 flow=0.0 alarm=0 pump=False valve=False setpoint=50.0
2026-07-24 20:02:57,005 INFO    [df1cb4ab] POLL level=60.4 flow=0.0 alarm=0 pump=False valve=False setpoint=50.0
2026-07-24 20:02:58,029 INFO    [df1cb4ab] POLL level=60.4 flow=0.0 alarm=0 pump=False valve=False setpoint=50.0
2026-07-24 20:02:59,054 INFO    [df1cb4ab] POLL level=60.4 flow=0.0 alarm=0 pump=False valve=False setpoint=50.0
2026-07-24 20:03:00,078 INFO    [df1cb4ab] POLL level=60.4 flow=0.0 alarm=0 pump=False valve=False setpoint=50.0
2026-07-24 20:03:01,102 INFO    [df1cb4ab] POLL level=60.4 flow=0.0 alarm=0 pump=False valve=False setpoint=50.0
2026-07-24 20:03:02,123 INFO    [df1cb4ab] POLL level=60.4 flow=0.0 alarm=0 pump=False valve=False setpoint=50.0
2026-07-24 20:03:03,146 INFO    [df1cb4ab] POLL level=60.4 flow=0.0 alarm=0 pump=False valve=False setpoint=50.0
2026-07-24 20:03:04,170 INFO    [df1cb4ab] POLL level=60.4 flow=0.0 alarm=0 pump=False valve=False setpoint=50.0
2026-07-24 20:03:05,194 INFO    [df1cb4ab] POLL level=60.4 flow=0.0 alarm=0 pump=False valve=False setpoint=50.0
2026-07-24 20:03:06,219 INFO    [df1cb4ab] POLL level=60.4 flow=0.0 alarm=0 pump=False valve=False setpoint=50.0
2026-07-24 20:03:07,243 INFO    [df1cb4ab] POLL level=60.4 flow=0.0 alarm=0 pump=False valve=False setpoint=50.0
2026-07-24 20:03:08,268 INFO    [df1cb4ab] POLL level=60.4 flow=0.0 alarm=0 pump=False valve=False setpoint=50.0
2026-07-24 20:03:09,292 INFO    [df1cb4ab] POLL level=60.4 flow=0.0 alarm=0 pump=False valve=False setpoint=50.0
2026-07-24 20:03:10,316 INFO    [df1cb4ab] POLL level=60.4 flow=0.0 alarm=0 pump=False valve=False setpoint=50.0
2026-07-24 20:03:11,341 INFO    [df1cb4ab] POLL level=60.4 flow=0.0 alarm=0 pump=False valve=False setpoint=50.0
2026-07-24 20:03:12,366 INFO    [df1cb4ab] POLL level=60.4 flow=0.0 alarm=0 pump=False valve=False setpoint=50.0
2026-07-24 20:03:13,391 INFO    [df1cb4ab] POLL level=60.4 flow=0.0 alarm=0 pump=False valve=False setpoint=50.0
2026-07-24 20:03:14,416 INFO    [df1cb4ab] POLL level=60.4 flow=0.0 alarm=0 pump=False valve=False setpoint=50.0
2026-07-24 20:03:15,440 INFO    [df1cb4ab] POLL level=60.4 flow=0.0 alarm=0 pump=False valve=False setpoint=50.0
2026-07-24 20:03:16,465 INFO    [df1cb4ab] POLL level=60.4 flow=0.0 alarm=0 pump=False valve=False setpoint=50.0
2026-07-24 20:03:17,491 INFO    [df1cb4ab] POLL level=60.4 flow=0.0 alarm=0 pump=False valve=False setpoint=50.0
2026-07-24 20:03:18,515 INFO    [df1cb4ab] POLL level=60.4 flow=0.0 alarm=0 pump=False valve=False setpoint=50.0
2026-07-24 20:03:19,539 INFO    [df1cb4ab] POLL level=60.4 flow=0.0 alarm=0 pump=False valve=False setpoint=50.0
2026-07-24 20:03:20,564 INFO    [df1cb4ab] POLL level=60.4 flow=0.0 alarm=0 pump=False valve=False setpoint=50.0
2026-07-24 20:03:21,582 INFO    [df1cb4ab] POLL level=60.4 flow=0.0 alarm=0 pump=False valve=False setpoint=50.0
2026-07-24 20:03:22,604 INFO    [df1cb4ab] POLL level=60.4 flow=0.0 alarm=0 pump=False valve=False setpoint=50.0
2026-07-24 20:03:23,629 INFO    [df1cb4ab] POLL level=60.4 flow=0.0 alarm=0 pump=False valve=False setpoint=50.0
2026-07-24 20:03:24,653 INFO    [df1cb4ab] POLL level=60.4 flow=0.0 alarm=0 pump=False valve=False setpoint=50.0
2026-07-24 20:03:25,678 INFO    [df1cb4ab] POLL level=60.4 flow=0.0 alarm=0 pump=False valve=False setpoint=50.0
2026-07-24 20:03:26,703 INFO    [df1cb4ab] POLL level=60.4 flow=0.0 alarm=0 pump=False valve=False setpoint=50.0
2026-07-24 20:03:27,727 INFO    [df1cb4ab] POLL level=60.4 flow=0.0 alarm=0 pump=False valve=False setpoint=50.0
2026-07-24 20:03:28,752 INFO    [df1cb4ab] POLL level=60.4 flow=0.0 alarm=0 pump=False valve=False setpoint=50.0
2026-07-24 20:03:29,770 INFO    [df1cb4ab] POLL level=60.4 flow=0.0 alarm=0 pump=False valve=False setpoint=50.0
2026-07-24 20:03:30,794 INFO    [df1cb4ab] POLL level=60.4 flow=0.0 alarm=0 pump=False valve=False setpoint=50.0
2026-07-24 20:03:31,819 INFO    [df1cb4ab] POLL level=60.4 flow=0.0 alarm=0 pump=False valve=False setpoint=50.0
2026-07-24 20:03:32,844 INFO    [df1cb4ab] POLL level=60.4 flow=0.0 alarm=0 pump=False valve=False setpoint=50.0
2026-07-24 20:03:33,863 INFO    [df1cb4ab] POLL level=60.4 flow=0.0 alarm=0 pump=False valve=False setpoint=50.0
2026-07-24 20:03:34,886 INFO    [df1cb4ab] POLL level=60.4 flow=0.0 alarm=0 pump=False valve=False setpoint=50.0
2026-07-24 20:03:35,910 INFO    [df1cb4ab] POLL level=60.4 flow=0.0 alarm=0 pump=False valve=False setpoint=50.0
2026-07-24 20:03:36,934 INFO    [df1cb4ab] POLL level=60.4 flow=0.0 alarm=0 pump=False valve=False setpoint=50.0
2026-07-24 20:03:37,958 INFO    [df1cb4ab] POLL level=60.4 flow=0.0 alarm=0 pump=False valve=False setpoint=50.0
2026-07-24 20:03:38,983 INFO    [df1cb4ab] POLL level=60.4 flow=0.0 alarm=0 pump=False valve=False setpoint=50.0
2026-07-24 20:03:40,004 INFO    [df1cb4ab] POLL level=60.4 flow=0.0 alarm=0 pump=False valve=False setpoint=50.0
2026-07-24 20:03:41,027 INFO    [df1cb4ab] POLL level=60.4 flow=0.0 alarm=0 pump=False valve=False setpoint=50.0
2026-07-24 20:03:42,051 INFO    [df1cb4ab] POLL level=60.4 flow=0.0 alarm=0 pump=False valve=False setpoint=50.0
2026-07-24 20:03:43,075 INFO    [df1cb4ab] POLL level=60.4 flow=0.0 alarm=0 pump=False valve=False setpoint=50.0
2026-07-24 20:03:44,101 INFO    [df1cb4ab] POLL level=60.4 flow=0.0 alarm=0 pump=False valve=False setpoint=50.0
2026-07-24 20:03:45,125 INFO    [df1cb4ab] POLL level=60.4 flow=0.0 alarm=0 pump=False valve=False setpoint=50.0
2026-07-24 20:03:46,149 INFO    [df1cb4ab] POLL level=60.4 flow=0.0 alarm=0 pump=False valve=False setpoint=50.0
2026-07-24 20:03:47,174 INFO    [df1cb4ab] POLL level=60.4 flow=0.0 alarm=0 pump=False valve=False setpoint=50.0
2026-07-24 20:03:48,198 INFO    [df1cb4ab] POLL level=60.4 flow=0.0 alarm=0 pump=False valve=False setpoint=50.0
2026-07-24 20:03:49,223 INFO    [df1cb4ab] POLL level=60.4 flow=0.0 alarm=0 pump=False valve=False setpoint=50.0
2026-07-24 20:03:50,247 INFO    [df1cb4ab] POLL level=60.4 flow=0.0 alarm=0 pump=False valve=False setpoint=50.0
2026-07-24 20:03:51,273 INFO    [df1cb4ab] POLL level=60.4 flow=0.0 alarm=0 pump=False valve=False setpoint=50.0
2026-07-24 20:03:52,297 INFO    [df1cb4ab] POLL level=60.4 flow=0.0 alarm=0 pump=False valve=False setpoint=50.0
2026-07-24 20:03:53,321 INFO    [df1cb4ab] POLL level=60.4 flow=0.0 alarm=0 pump=False valve=False setpoint=50.0
2026-07-24 20:03:54,343 INFO    [df1cb4ab] POLL level=60.4 flow=0.0 alarm=0 pump=False valve=False setpoint=50.0
2026-07-24 20:03:55,366 INFO    [df1cb4ab] POLL level=60.4 flow=0.0 alarm=0 pump=False valve=False setpoint=50.0
2026-07-24 20:03:56,392 INFO    [df1cb4ab] POLL level=60.4 flow=0.0 alarm=0 pump=False valve=False setpoint=50.0
2026-07-24 20:03:57,416 INFO    [df1cb4ab] POLL level=60.4 flow=0.0 alarm=0 pump=False valve=False setpoint=50.0
2026-07-24 20:03:58,440 INFO    [df1cb4ab] POLL level=60.4 flow=0.0 alarm=0 pump=False valve=False setpoint=50.0
2026-07-24 20:03:59,464 INFO    [df1cb4ab] POLL level=60.4 flow=0.0 alarm=0 pump=False valve=False setpoint=50.0
2026-07-24 20:04:00,489 INFO    [df1cb4ab] POLL level=60.4 flow=0.0 alarm=0 pump=False valve=False setpoint=50.0
2026-07-24 20:04:01,513 INFO    [df1cb4ab] POLL level=60.4 flow=0.0 alarm=0 pump=False valve=False setpoint=50.0
2026-07-24 20:04:02,536 INFO    [df1cb4ab] POLL level=60.4 flow=0.0 alarm=0 pump=False valve=False setpoint=50.0
2026-07-24 20:04:03,560 INFO    [df1cb4ab] POLL level=60.4 flow=0.0 alarm=0 pump=False valve=False setpoint=50.0
2026-07-24 20:04:04,585 INFO    [df1cb4ab] POLL level=60.4 flow=0.0 alarm=0 pump=False valve=False setpoint=50.0
2026-07-24 20:04:05,609 INFO    [df1cb4ab] POLL level=60.4 flow=0.0 alarm=0 pump=False valve=False setpoint=50.0
2026-07-24 20:04:06,635 INFO    [df1cb4ab] POLL level=60.4 flow=0.0 alarm=0 pump=False valve=False setpoint=50.0
2026-07-24 20:04:07,660 INFO    [df1cb4ab] POLL level=60.4 flow=0.0 alarm=0 pump=False valve=False setpoint=50.0
2026-07-24 20:04:08,684 INFO    [df1cb4ab] POLL level=60.4 flow=0.0 alarm=0 pump=False valve=False setpoint=50.0
2026-07-24 20:04:09,709 INFO    [df1cb4ab] POLL level=60.4 flow=0.0 alarm=0 pump=False valve=False setpoint=50.0
2026-07-24 20:04:10,734 INFO    [df1cb4ab] POLL level=60.4 flow=0.0 alarm=0 pump=False valve=False setpoint=50.0
2026-07-24 20:04:11,761 INFO    [df1cb4ab] POLL level=60.4 flow=0.0 alarm=0 pump=False valve=False setpoint=50.0
2026-07-24 20:04:12,785 INFO    [df1cb4ab] POLL level=60.4 flow=0.0 alarm=0 pump=False valve=False setpoint=50.0
2026-07-24 20:04:13,810 INFO    [df1cb4ab] POLL level=60.4 flow=0.0 alarm=0 pump=False valve=False setpoint=50.0
2026-07-24 20:04:14,834 INFO    [df1cb4ab] POLL level=60.4 flow=0.0 alarm=0 pump=False valve=False setpoint=50.0
2026-07-24 20:04:15,859 INFO    [df1cb4ab] POLL level=60.4 flow=0.0 alarm=0 pump=False valve=False setpoint=50.0
2026-07-24 20:04:16,883 INFO    [df1cb4ab] POLL level=60.4 flow=0.0 alarm=0 pump=False valve=False setpoint=50.0
2026-07-24 20:04:17,908 INFO    [df1cb4ab] POLL level=60.4 flow=0.0 alarm=0 pump=False valve=False setpoint=50.0
2026-07-24 20:04:18,932 INFO    [df1cb4ab] POLL level=60.4 flow=0.0 alarm=0 pump=False valve=False setpoint=50.0
2026-07-24 20:04:19,957 INFO    [df1cb4ab] POLL level=60.4 flow=0.0 alarm=0 pump=False valve=False setpoint=50.0
2026-07-24 20:04:20,979 INFO    [df1cb4ab] POLL level=60.4 flow=0.0 alarm=0 pump=False valve=False setpoint=50.0
2026-07-24 20:04:22,004 INFO    [df1cb4ab] POLL level=60.4 flow=0.0 alarm=0 pump=False valve=False setpoint=50.0
2026-07-24 20:04:23,029 INFO    [df1cb4ab] POLL level=60.4 flow=0.0 alarm=0 pump=False valve=False setpoint=50.0
2026-07-24 20:04:24,053 INFO    [df1cb4ab] POLL level=60.4 flow=0.0 alarm=0 pump=False valve=False setpoint=50.0
2026-07-24 20:04:25,076 INFO    [df1cb4ab] POLL level=60.4 flow=0.0 alarm=0 pump=False valve=False setpoint=50.0
2026-07-24 20:04:26,102 INFO    [df1cb4ab] POLL level=60.4 flow=0.0 alarm=0 pump=False valve=False setpoint=50.0
2026-07-24 20:04:27,126 INFO    [df1cb4ab] POLL level=60.4 flow=0.0 alarm=0 pump=False valve=False setpoint=50.0
2026-07-24 20:04:28,151 INFO    [df1cb4ab] POLL level=60.4 flow=0.0 alarm=0 pump=False valve=False setpoint=50.0
2026-07-24 20:04:29,175 INFO    [df1cb4ab] POLL level=60.4 flow=0.0 alarm=0 pump=False valve=False setpoint=50.0
2026-07-24 20:04:30,197 INFO    [df1cb4ab] POLL level=60.4 flow=0.0 alarm=0 pump=False valve=False setpoint=50.0
2026-07-24 20:04:31,223 INFO    [df1cb4ab] POLL level=60.4 flow=0.0 alarm=0 pump=False valve=False setpoint=50.0
2026-07-24 20:04:32,249 INFO    [df1cb4ab] POLL level=60.4 flow=0.0 alarm=0 pump=False valve=False setpoint=50.0
2026-07-24 20:04:33,272 INFO    [df1cb4ab] POLL level=60.4 flow=0.0 alarm=0 pump=False valve=False setpoint=50.0
2026-07-24 20:04:34,297 INFO    [df1cb4ab] POLL level=60.4 flow=0.0 alarm=0 pump=False valve=False setpoint=50.0
2026-07-24 20:04:35,323 INFO    [df1cb4ab] POLL level=60.4 flow=0.0 alarm=0 pump=False valve=False setpoint=50.0
2026-07-24 20:04:36,346 INFO    [df1cb4ab] POLL level=60.4 flow=0.0 alarm=0 pump=False valve=False setpoint=50.0
2026-07-24 20:04:37,370 INFO    [df1cb4ab] POLL level=60.4 flow=0.0 alarm=0 pump=False valve=False setpoint=50.0
2026-07-24 20:04:38,393 INFO    [df1cb4ab] POLL level=60.4 flow=0.0 alarm=0 pump=False valve=False setpoint=50.0
2026-07-24 20:04:39,417 INFO    [df1cb4ab] POLL level=60.4 flow=0.0 alarm=0 pump=False valve=False setpoint=50.0
2026-07-24 20:04:40,442 INFO    [df1cb4ab] POLL level=60.4 flow=0.0 alarm=0 pump=False valve=False setpoint=50.0
2026-07-24 20:04:41,468 INFO    [df1cb4ab] POLL level=60.4 flow=0.0 alarm=0 pump=False valve=False setpoint=50.0
2026-07-24 20:04:42,493 INFO    [df1cb4ab] POLL level=60.4 flow=0.0 alarm=0 pump=False valve=False setpoint=50.0
2026-07-24 20:04:43,517 INFO    [df1cb4ab] POLL level=60.4 flow=0.0 alarm=0 pump=False valve=False setpoint=50.0
2026-07-24 20:04:44,542 INFO    [df1cb4ab] POLL level=60.4 flow=0.0 alarm=0 pump=False valve=False setpoint=50.0
2026-07-24 20:04:45,565 INFO    [df1cb4ab] POLL level=60.4 flow=0.0 alarm=0 pump=False valve=False setpoint=50.0
2026-07-24 20:04:46,591 INFO    [df1cb4ab] POLL level=60.4 flow=0.0 alarm=0 pump=False valve=False setpoint=50.0
2026-07-24 20:04:47,615 INFO    [df1cb4ab] POLL level=60.4 flow=0.0 alarm=0 pump=False valve=False setpoint=50.0
2026-07-24 20:04:48,639 INFO    [df1cb4ab] POLL level=60.4 flow=0.0 alarm=0 pump=False valve=False setpoint=50.0
2026-07-24 20:04:49,664 INFO    [df1cb4ab] POLL level=60.4 flow=0.0 alarm=0 pump=False valve=False setpoint=50.0
2026-07-24 20:04:50,685 INFO    [df1cb4ab] POLL level=60.4 flow=0.0 alarm=0 pump=False valve=False setpoint=50.0
2026-07-24 20:04:51,710 INFO    [df1cb4ab] POLL level=60.4 flow=0.0 alarm=0 pump=False valve=False setpoint=50.0
2026-07-24 20:04:52,734 INFO    [df1cb4ab] POLL level=60.4 flow=0.0 alarm=0 pump=False valve=False setpoint=50.0
2026-07-24 20:04:53,756 INFO    [df1cb4ab] POLL level=60.4 flow=0.0 alarm=0 pump=False valve=False setpoint=50.0
2026-07-24 20:04:54,780 INFO    [df1cb4ab] POLL level=60.4 flow=0.0 alarm=0 pump=False valve=False setpoint=50.0
2026-07-24 20:04:55,804 INFO    [df1cb4ab] POLL level=60.4 flow=0.0 alarm=0 pump=False valve=False setpoint=50.0
2026-07-24 20:04:56,831 INFO    [df1cb4ab] POLL level=60.4 flow=0.0 alarm=0 pump=False valve=False setpoint=50.0
2026-07-24 20:04:57,855 INFO    [df1cb4ab] POLL level=60.4 flow=0.0 alarm=0 pump=False valve=False setpoint=50.0
2026-07-24 20:04:58,879 INFO    [df1cb4ab] POLL level=60.4 flow=0.0 alarm=0 pump=False valve=False setpoint=50.0
2026-07-24 20:04:59,903 INFO    [df1cb4ab] POLL level=60.4 flow=0.0 alarm=0 pump=False valve=False setpoint=50.0
2026-07-24 20:05:00,927 INFO    [df1cb4ab] POLL level=60.4 flow=0.0 alarm=0 pump=False valve=False setpoint=50.0
2026-07-24 20:05:01,946 INFO    [df1cb4ab] POLL level=60.4 flow=0.0 alarm=0 pump=False valve=False setpoint=50.0
2026-07-24 20:05:02,969 INFO    [df1cb4ab] POLL level=60.4 flow=0.0 alarm=0 pump=False valve=False setpoint=50.0
2026-07-24 20:05:03,993 INFO    [df1cb4ab] POLL level=60.4 flow=0.0 alarm=0 pump=False valve=False setpoint=50.0
2026-07-24 20:05:05,017 INFO    [df1cb4ab] POLL level=60.4 flow=0.0 alarm=0 pump=False valve=False setpoint=50.0
2026-07-24 20:05:06,041 INFO    [df1cb4ab] POLL level=60.4 flow=0.0 alarm=0 pump=False valve=False setpoint=50.0
2026-07-24 20:05:07,067 INFO    [df1cb4ab] POLL level=60.4 flow=0.0 alarm=0 pump=False valve=False setpoint=50.0
2026-07-24 20:05:08,091 INFO    [df1cb4ab] POLL level=60.4 flow=0.0 alarm=0 pump=False valve=False setpoint=50.0
2026-07-24 20:05:09,115 INFO    [df1cb4ab] POLL level=60.4 flow=0.0 alarm=0 pump=False valve=False setpoint=50.0
2026-07-24 20:05:10,139 INFO    [df1cb4ab] POLL level=60.4 flow=0.0 alarm=0 pump=False valve=False setpoint=50.0
2026-07-24 20:05:11,165 INFO    [df1cb4ab] POLL level=60.4 flow=0.0 alarm=0 pump=False valve=False setpoint=50.0
2026-07-24 20:05:12,189 INFO    [df1cb4ab] POLL level=60.4 flow=0.0 alarm=0 pump=False valve=False setpoint=50.0
2026-07-24 20:05:13,213 INFO    [df1cb4ab] POLL level=60.4 flow=0.0 alarm=0 pump=False valve=False setpoint=50.0
2026-07-24 20:05:14,237 INFO    [df1cb4ab] POLL level=60.4 flow=0.0 alarm=0 pump=False valve=False setpoint=50.0
2026-07-24 20:05:15,261 INFO    [df1cb4ab] POLL level=60.4 flow=0.0 alarm=0 pump=False valve=False setpoint=50.0
2026-07-24 20:05:16,287 INFO    [df1cb4ab] POLL level=60.4 flow=0.0 alarm=0 pump=False valve=False setpoint=50.0
2026-07-24 20:05:17,311 INFO    [df1cb4ab] POLL level=60.4 flow=0.0 alarm=0 pump=False valve=False setpoint=50.0
2026-07-24 20:05:18,335 INFO    [df1cb4ab] POLL level=60.4 flow=0.0 alarm=0 pump=False valve=False setpoint=50.0
2026-07-24 20:05:19,359 INFO    [df1cb4ab] POLL level=60.4 flow=0.0 alarm=0 pump=False valve=False setpoint=50.0
2026-07-24 20:05:20,383 INFO    [df1cb4ab] POLL level=60.4 flow=0.0 alarm=0 pump=False valve=False setpoint=50.0
2026-07-24 20:05:21,408 INFO    [df1cb4ab] POLL level=60.4 flow=0.0 alarm=0 pump=False valve=False setpoint=50.0
2026-07-24 20:05:22,432 INFO    [df1cb4ab] POLL level=60.4 flow=0.0 alarm=0 pump=False valve=False setpoint=50.0
2026-07-24 20:05:23,457 INFO    [df1cb4ab] POLL level=60.4 flow=0.0 alarm=0 pump=False valve=False setpoint=50.0
2026-07-24 20:05:24,481 INFO    [df1cb4ab] POLL level=60.4 flow=0.0 alarm=0 pump=False valve=False setpoint=50.0
2026-07-24 20:05:25,505 INFO    [df1cb4ab] POLL level=60.4 flow=0.0 alarm=0 pump=False valve=False setpoint=50.0
2026-07-24 20:05:26,530 INFO    [df1cb4ab] POLL level=60.4 flow=0.0 alarm=0 pump=False valve=False setpoint=50.0
2026-07-24 20:05:27,554 INFO    [df1cb4ab] POLL level=60.4 flow=0.0 alarm=0 pump=False valve=False setpoint=50.0
2026-07-24 20:05:28,578 INFO    [df1cb4ab] POLL level=60.4 flow=0.0 alarm=0 pump=False valve=False setpoint=50.0
2026-07-24 20:05:29,602 INFO    [df1cb4ab] POLL level=60.4 flow=0.0 alarm=0 pump=False valve=False setpoint=50.0
2026-07-24 20:05:30,626 INFO    [df1cb4ab] POLL level=60.4 flow=0.0 alarm=0 pump=False valve=False setpoint=50.0
2026-07-24 20:05:31,652 INFO    [df1cb4ab] POLL level=60.4 flow=0.0 alarm=0 pump=False valve=False setpoint=50.0
2026-07-24 20:05:32,676 INFO    [df1cb4ab] POLL level=60.4 flow=0.0 alarm=0 pump=False valve=False setpoint=50.0
2026-07-24 20:05:33,704 INFO    [df1cb4ab] POLL level=60.4 flow=0.0 alarm=0 pump=False valve=False setpoint=50.0
2026-07-24 20:05:34,727 INFO    [df1cb4ab] POLL level=60.4 flow=0.0 alarm=0 pump=False valve=False setpoint=50.0
2026-07-24 20:05:35,752 INFO    [df1cb4ab] POLL level=60.4 flow=0.0 alarm=0 pump=False valve=False setpoint=50.0
2026-07-24 20:05:36,777 INFO    [df1cb4ab] POLL level=60.4 flow=0.0 alarm=0 pump=False valve=False setpoint=50.0
2026-07-24 20:05:37,801 INFO    [df1cb4ab] POLL level=60.4 flow=0.0 alarm=0 pump=False valve=False setpoint=50.0
2026-07-24 20:05:38,824 INFO    [df1cb4ab] POLL level=60.4 flow=0.0 alarm=0 pump=False valve=False setpoint=50.0
2026-07-24 20:05:39,848 INFO    [df1cb4ab] POLL level=60.4 flow=0.0 alarm=0 pump=False valve=False setpoint=50.0
2026-07-24 20:05:40,872 INFO    [df1cb4ab] POLL level=60.4 flow=0.0 alarm=0 pump=False valve=False setpoint=50.0
2026-07-24 20:05:41,898 INFO    [df1cb4ab] POLL level=60.4 flow=0.0 alarm=0 pump=False valve=False setpoint=50.0
2026-07-24 20:05:42,922 INFO    [df1cb4ab] POLL level=60.4 flow=0.0 alarm=0 pump=False valve=False setpoint=50.0
2026-07-24 20:05:43,946 INFO    [df1cb4ab] POLL level=60.4 flow=0.0 alarm=0 pump=False valve=False setpoint=50.0
2026-07-24 20:05:44,970 INFO    [df1cb4ab] POLL level=60.4 flow=0.0 alarm=0 pump=False valve=False setpoint=50.0
2026-07-24 20:05:45,993 INFO    [df1cb4ab] POLL level=60.4 flow=0.0 alarm=0 pump=False valve=False setpoint=50.0
2026-07-24 20:05:47,019 INFO    [df1cb4ab] POLL level=60.4 flow=0.0 alarm=0 pump=False valve=False setpoint=50.0
2026-07-24 20:05:48,043 INFO    [df1cb4ab] POLL level=60.4 flow=0.0 alarm=0 pump=False valve=False setpoint=50.0
2026-07-24 20:05:49,067 INFO    [df1cb4ab] POLL level=60.4 flow=0.0 alarm=0 pump=False valve=False setpoint=50.0
2026-07-24 20:05:50,091 INFO    [df1cb4ab] POLL level=60.4 flow=0.0 alarm=0 pump=False valve=False setpoint=50.0
2026-07-24 20:05:51,115 INFO    [df1cb4ab] POLL level=60.4 flow=0.0 alarm=0 pump=False valve=False setpoint=50.0
2026-07-24 20:05:52,141 INFO    [df1cb4ab] POLL level=60.4 flow=0.0 alarm=0 pump=False valve=False setpoint=50.0
2026-07-24 20:05:53,166 INFO    [df1cb4ab] POLL level=60.4 flow=0.0 alarm=0 pump=False valve=False setpoint=50.0
2026-07-24 20:05:54,188 INFO    [df1cb4ab] POLL level=60.4 flow=0.0 alarm=0 pump=False valve=False setpoint=50.0
2026-07-24 20:05:55,212 INFO    [df1cb4ab] POLL level=60.4 flow=0.0 alarm=0 pump=False valve=False setpoint=50.0
2026-07-24 20:05:56,236 INFO    [df1cb4ab] POLL level=60.4 flow=0.0 alarm=0 pump=False valve=False setpoint=50.0
2026-07-24 20:05:57,262 INFO    [df1cb4ab] POLL level=60.4 flow=0.0 alarm=0 pump=False valve=False setpoint=50.0
2026-07-24 20:05:58,286 INFO    [df1cb4ab] POLL level=60.4 flow=0.0 alarm=0 pump=False valve=False setpoint=50.0
2026-07-24 20:05:59,310 INFO    [df1cb4ab] POLL level=60.4 flow=0.0 alarm=0 pump=False valve=False setpoint=50.0
2026-07-24 20:06:00,335 INFO    [df1cb4ab] POLL level=60.4 flow=0.0 alarm=0 pump=False valve=False setpoint=50.0
2026-07-24 20:06:01,358 INFO    [df1cb4ab] POLL level=60.4 flow=0.0 alarm=0 pump=False valve=False setpoint=50.0
2026-07-24 20:06:02,382 INFO    [df1cb4ab] POLL level=60.4 flow=0.0 alarm=0 pump=False valve=False setpoint=50.0
2026-07-24 20:06:03,407 INFO    [df1cb4ab] POLL level=60.4 flow=0.0 alarm=0 pump=False valve=False setpoint=50.0
2026-07-24 20:06:04,431 INFO    [df1cb4ab] POLL level=60.4 flow=0.0 alarm=0 pump=False valve=False setpoint=50.0
2026-07-24 20:06:05,455 INFO    [df1cb4ab] POLL level=60.4 flow=0.0 alarm=0 pump=False valve=False setpoint=50.0
2026-07-24 20:06:06,480 INFO    [df1cb4ab] POLL level=60.4 flow=0.0 alarm=0 pump=False valve=False setpoint=50.0
2026-07-24 20:06:07,504 INFO    [df1cb4ab] POLL level=60.4 flow=0.0 alarm=0 pump=False valve=False setpoint=50.0
2026-07-24 20:06:08,528 INFO    [df1cb4ab] POLL level=60.4 flow=0.0 alarm=0 pump=False valve=False setpoint=50.0
2026-07-24 20:06:09,551 INFO    [df1cb4ab] POLL level=60.4 flow=0.0 alarm=0 pump=False valve=False setpoint=50.0
2026-07-24 20:06:10,575 INFO    [df1cb4ab] POLL level=60.4 flow=0.0 alarm=0 pump=False valve=False setpoint=50.0
2026-07-24 20:06:11,600 INFO    [df1cb4ab] POLL level=60.4 flow=0.0 alarm=0 pump=False valve=False setpoint=50.0
2026-07-24 20:06:12,624 INFO    [df1cb4ab] POLL level=60.4 flow=0.0 alarm=0 pump=False valve=False setpoint=50.0
2026-07-24 20:06:13,649 INFO    [df1cb4ab] POLL level=60.4 flow=0.0 alarm=0 pump=False valve=False setpoint=50.0
2026-07-24 20:06:14,673 INFO    [df1cb4ab] POLL level=60.4 flow=0.0 alarm=0 pump=False valve=False setpoint=50.0
2026-07-24 20:06:15,697 INFO    [df1cb4ab] POLL level=60.4 flow=0.0 alarm=0 pump=False valve=False setpoint=50.0
2026-07-24 20:06:16,722 INFO    [df1cb4ab] POLL level=60.4 flow=0.0 alarm=0 pump=False valve=False setpoint=50.0
2026-07-24 20:06:17,746 INFO    [df1cb4ab] POLL level=60.4 flow=0.0 alarm=0 pump=False valve=False setpoint=50.0
2026-07-24 20:06:18,770 INFO    [df1cb4ab] POLL level=60.4 flow=0.0 alarm=0 pump=False valve=False setpoint=50.0
2026-07-24 20:06:19,794 INFO    [df1cb4ab] POLL level=60.4 flow=0.0 alarm=0 pump=False valve=False setpoint=50.0
2026-07-24 20:06:20,819 INFO    [df1cb4ab] POLL level=60.4 flow=0.0 alarm=0 pump=False valve=False setpoint=50.0
2026-07-24 20:06:21,843 INFO    [df1cb4ab] POLL level=60.4 flow=0.0 alarm=0 pump=False valve=False setpoint=50.0
2026-07-24 20:06:22,868 INFO    [df1cb4ab] POLL level=60.4 flow=0.0 alarm=0 pump=False valve=False setpoint=50.0
2026-07-24 20:06:23,892 INFO    [df1cb4ab] POLL level=60.4 flow=0.0 alarm=0 pump=False valve=False setpoint=50.0
2026-07-24 20:06:24,916 INFO    [df1cb4ab] POLL level=60.4 flow=0.0 alarm=0 pump=False valve=False setpoint=50.0
2026-07-24 20:06:25,940 INFO    [df1cb4ab] POLL level=60.4 flow=0.0 alarm=0 pump=False valve=False setpoint=50.0
2026-07-24 20:06:26,966 INFO    [df1cb4ab] POLL level=60.4 flow=0.0 alarm=0 pump=False valve=False setpoint=50.0
2026-07-24 20:06:27,990 INFO    [df1cb4ab] POLL level=60.4 flow=0.0 alarm=0 pump=False valve=False setpoint=50.0
2026-07-24 20:06:29,013 INFO    [df1cb4ab] POLL level=60.4 flow=0.0 alarm=0 pump=False valve=False setpoint=50.0
2026-07-24 20:06:30,037 INFO    [df1cb4ab] POLL level=60.4 flow=0.0 alarm=0 pump=False valve=False setpoint=50.0
2026-07-24 20:06:31,061 INFO    [df1cb4ab] POLL level=60.4 flow=0.0 alarm=0 pump=False valve=False setpoint=50.0
2026-07-24 20:06:32,086 INFO    [df1cb4ab] POLL level=60.4 flow=0.0 alarm=0 pump=False valve=False setpoint=50.0
2026-07-24 20:06:33,109 INFO    [df1cb4ab] POLL level=60.4 flow=0.0 alarm=0 pump=False valve=False setpoint=50.0
2026-07-24 20:06:34,130 INFO    [df1cb4ab] POLL level=60.4 flow=0.0 alarm=0 pump=False valve=False setpoint=50.0
2026-07-24 20:06:35,153 INFO    [df1cb4ab] POLL level=60.4 flow=0.0 alarm=0 pump=False valve=False setpoint=50.0
2026-07-24 20:06:36,177 INFO    [df1cb4ab] POLL level=60.4 flow=0.0 alarm=0 pump=False valve=False setpoint=50.0
2026-07-24 20:06:37,203 INFO    [df1cb4ab] POLL level=60.4 flow=0.0 alarm=0 pump=False valve=False setpoint=50.0
2026-07-24 20:06:38,227 INFO    [df1cb4ab] POLL level=60.4 flow=0.0 alarm=0 pump=False valve=False setpoint=50.0
2026-07-24 20:06:39,251 INFO    [df1cb4ab] POLL level=60.4 flow=0.0 alarm=0 pump=False valve=False setpoint=50.0
2026-07-24 20:06:40,275 INFO    [df1cb4ab] POLL level=60.4 flow=0.0 alarm=0 pump=False valve=False setpoint=50.0
2026-07-24 20:06:41,299 INFO    [df1cb4ab] POLL level=60.4 flow=0.0 alarm=0 pump=False valve=False setpoint=50.0
2026-07-24 20:06:42,325 INFO    [df1cb4ab] POLL level=60.4 flow=0.0 alarm=0 pump=False valve=False setpoint=50.0
2026-07-24 20:06:43,349 INFO    [df1cb4ab] POLL level=60.4 flow=0.0 alarm=0 pump=False valve=False setpoint=50.0
2026-07-24 20:06:44,373 INFO    [df1cb4ab] POLL level=60.4 flow=0.0 alarm=0 pump=False valve=False setpoint=50.0
2026-07-24 20:06:45,397 INFO    [df1cb4ab] POLL level=60.4 flow=0.0 alarm=0 pump=False valve=False setpoint=50.0
2026-07-24 20:06:46,421 INFO    [df1cb4ab] POLL level=60.4 flow=0.0 alarm=0 pump=False valve=False setpoint=50.0
2026-07-24 20:06:47,447 INFO    [df1cb4ab] POLL level=60.4 flow=0.0 alarm=0 pump=False valve=False setpoint=50.0
2026-07-24 20:06:48,464 INFO    [df1cb4ab] POLL level=60.4 flow=0.0 alarm=0 pump=False valve=False setpoint=50.0
2026-07-24 20:06:49,487 INFO    [df1cb4ab] POLL level=60.4 flow=0.0 alarm=0 pump=False valve=False setpoint=50.0
2026-07-24 20:06:50,511 INFO    [df1cb4ab] POLL level=60.4 flow=0.0 alarm=0 pump=False valve=False setpoint=50.0
2026-07-24 20:06:51,536 INFO    [df1cb4ab] POLL level=60.4 flow=0.0 alarm=0 pump=False valve=False setpoint=50.0
2026-07-24 20:06:52,560 INFO    [df1cb4ab] POLL level=60.4 flow=0.0 alarm=0 pump=False valve=False setpoint=50.0
2026-07-24 20:06:53,584 INFO    [df1cb4ab] POLL level=60.4 flow=0.0 alarm=0 pump=False valve=False setpoint=50.0
2026-07-24 20:06:54,609 INFO    [df1cb4ab] POLL level=60.4 flow=0.0 alarm=0 pump=False valve=False setpoint=50.0
2026-07-24 20:06:55,632 INFO    [df1cb4ab] POLL level=60.4 flow=0.0 alarm=0 pump=False valve=False setpoint=50.0
2026-07-24 20:06:56,658 INFO    [df1cb4ab] POLL level=60.4 flow=0.0 alarm=0 pump=False valve=False setpoint=50.0
2026-07-24 20:06:57,681 INFO    [df1cb4ab] POLL level=60.4 flow=0.0 alarm=0 pump=False valve=False setpoint=50.0
2026-07-24 20:06:58,704 INFO    [df1cb4ab] POLL level=60.4 flow=0.0 alarm=0 pump=False valve=False setpoint=50.0
2026-07-24 20:06:59,729 INFO    [df1cb4ab] POLL level=60.4 flow=0.0 alarm=0 pump=False valve=False setpoint=50.0
2026-07-24 20:07:00,753 INFO    [df1cb4ab] POLL level=60.4 flow=0.0 alarm=0 pump=False valve=False setpoint=50.0
2026-07-24 20:07:01,775 INFO    [df1cb4ab] POLL level=60.4 flow=0.0 alarm=0 pump=False valve=False setpoint=50.0
